热路径文档预算
----------------------------------------------------------------------
  用量 /   预算  余量  文件
    1286 /   1310     24  skills/guyin-story/SKILL.md  [ok]
    5254 /   5300     46  skills/guyin-write/SKILL.md  [ok]
    2499 /   2500      1  skills/guyin-short-write/SKILL.md  [ok]
    1628 /   1640     12  skills/guyin-analyze/SKILL.md  [ok]
    1217 /   1230     13  skills/guyin-short-analyze/SKILL.md  [ok]
    2668 /   2670      2  skills/guyin-review/SKILL.md  [ok]
    1499 /   1540     41  skills/guyin-deslop/SKILL.md  [ok]
    1795 /   1800      5  skills/guyin-pitch/SKILL.md  [ok]
     974 /   1000     26  skills/guyin-write/cards/README.md  [ok]
     618 /    700     82  skills/guyin-write/cards/写作卡.md  [ok]
     847 /    900     53  skills/guyin-write/cards/自检卡.md  [ok]
     763 /    800     37  skills/guyin-write/cards/改写卡.md  [ok]
     375 /    400     25  skills/guyin-write/cards/发散卡.md  [ok]
     513 /    600     87  skills/guyin-write/cards/分诊卡.md  [ok]
     855 /    900     45  skills/guyin-write/cards/摘要卡.md  [ok]
    1591 /   1600      9  skills/guyin-setup/templates/long/AGENTS.md  [ok]
    7700 /   7700      0  skills/guyin-write/references/默认叙事风格.md  [ok]

路径合计（一次会话真正付的量）
----------------------------------------------------------------------
   12954 /  13000     46  长篇写章热路径（当前会话单模型自主执笔：SKILL＋默认文风文件；profile 实际仅加载所选段，全文件称重为保守上界）  [ok]

Result: 热路径文档预算检查通过
